regtype=native,bus=pci,id=14e416c0..............,driver=bnxtnet
regtype=native,bus=pci,id=14e416c1..............,driver=bnxtnet
regtype=native,bus=pci,id=14e416c8..............,driver=bnxtnet
regtype=native,bus=pci,id=14e416c9..............,driver=bnxtnet
regtype=native,bus=pci,id=14e416ca..............,driver=bnxtnet
regtype=native,bus=pci,id=14e416cb..............,driver=bnxtnet
regtype=native,bus=pci,id=14e416cc..............,driver=bnxtnet
regtype=native,bus=pci,id=14e416ce..............,driver=bnxtnet
regtype=native,bus=pci,id=14e416cf..............,driver=bnxtnet
regtype=native,bus=pci,id=14e416d0..............,driver=bnxtnet
regtype=native,bus=pci,id=14e416d1..............,driver=bnxtnet
regtype=native,bus=pci,id=14e416d2..............,driver=bnxtnet
regtype=native,bus=pci,id=14e416d3..............,driver=bnxtnet
regtype=native,bus=pci,id=14e416d4..............,driver=bnxtnet
regtype=native,bus=pci,id=14e416d5..............,driver=bnxtnet
regtype=native,bus=pci,id=14e416d6..............,driver=bnxtnet
regtype=native,bus=pci,id=14e416d7..............,driver=bnxtnet
regtype=native,bus=pci,id=14e416d8..............,driver=bnxtnet
regtype=native,bus=pci,id=14e416d9..............,driver=bnxtnet
regtype=native,bus=pci,id=14e416dc..............,driver=bnxtnet
regtype=native,bus=pci,id=14e416de..............,driver=bnxtnet
regtype=native,bus=pci,id=14e416df..............,driver=bnxtnet
regtype=native,bus=pci,id=14e416e0..............,driver=bnxtnet
regtype=native,bus=pci,id=14e416e1..............,driver=bnxtnet
regtype=native,bus=pci,id=14e416e2..............,driver=bnxtnet
regtype=native,bus=pci,id=14e416e3..............,driver=bnxtnet
regtype=native,bus=pci,id=14e416e4..............,driver=bnxtnet
regtype=native,bus=pci,id=14e416e5..............,driver=bnxtnet
regtype=native,bus=pci,id=14e416e7..............,driver=bnxtnet
regtype=native,bus=pci,id=14e416e8..............,driver=bnxtnet
regtype=native,bus=pci,id=14e416e9..............,driver=bnxtnet
regtype=native,bus=pci,id=14e416ea..............,driver=bnxtnet
regtype=native,bus=pci,id=14e416eb..............,driver=bnxtnet
regtype=native,bus=pci,id=14e416ec..............,driver=bnxtnet
regtype=native,bus=pci,id=14e416ed..............,driver=bnxtnet
regtype=native,bus=pci,id=14e416ee..............,driver=bnxtnet
regtype=native,bus=pci,id=14e416ef..............,driver=bnxtnet