regtype=native,bus=pci,id=8086150e..............,driver=igbn
regtype=native,bus=pci,id=8086150e808612a1......,driver=igbn
regtype=native,bus=pci,id=8086150e808612a2......,driver=igbn
regtype=native,bus=pci,id=8086150f..............,driver=igbn
regtype=native,bus=pci,id=80861510..............,driver=igbn
regtype=native,bus=pci,id=80861511..............,driver=igbn
regtype=native,bus=pci,id=80861516..............,driver=igbn
regtype=native,bus=pci,id=80861516808612b1......,driver=igbn
regtype=native,bus=pci,id=80861516808612b2......,driver=igbn
regtype=native,bus=pci,id=80861521..............,driver=igbn
regtype=native,bus=pci,id=80861521102804cf......,driver=igbn
regtype=native,bus=pci,id=8086152110280602......,driver=igbn
regtype=native,bus=pci,id=8086152110281f60......,driver=igbn
regtype=native,bus=pci,id=8086152110281f62......,driver=igbn
regtype=native,bus=pci,id=8086152110281f73......,driver=igbn
regtype=native,bus=pci,id=8086152110281f9a......,driver=igbn
regtype=native,bus=pci,id=80861521103c17d1......,driver=igbn
regtype=native,bus=pci,id=80861521103c2003......,driver=igbn
regtype=native,bus=pci,id=80861521103c2226......,driver=igbn
regtype=native,bus=pci,id=80861521103c337f......,driver=igbn
regtype=native,bus=pci,id=80861521103c3380......,driver=igbn
regtype=native,bus=pci,id=80861521103c339e......,driver=igbn
regtype=native,bus=pci,id=80861521103c8157......,driver=igbn
regtype=native,bus=pci,id=80861521108e7b16......,driver=igbn
regtype=native,bus=pci,id=80861521108e7b18......,driver=igbn
regtype=native,bus=pci,id=8086152117aa1074......,driver=igbn
regtype=native,bus=pci,id=8086152180860001......,driver=igbn
regtype=native,bus=pci,id=8086152180860002......,driver=igbn
regtype=native,bus=pci,id=80861521808600a1......,driver=igbn
regtype=native,bus=pci,id=80861521808600a2......,driver=igbn
regtype=native,bus=pci,id=8086152180865001......,driver=igbn
regtype=native,bus=pci,id=8086152180865002......,driver=igbn
regtype=native,bus=pci,id=80861522..............,driver=igbn
regtype=native,bus=pci,id=80861522108e7b17......,driver=igbn
regtype=native,bus=pci,id=80861522108e7b19......,driver=igbn
regtype=native,bus=pci,id=8086152280860003......,driver=igbn
regtype=native,bus=pci,id=8086152280860004......,driver=igbn
regtype=native,bus=pci,id=8086152280860005......,driver=igbn
regtype=native,bus=pci,id=80861522808600a3......,driver=igbn
regtype=native,bus=pci,id=80861522808600a4......,driver=igbn
regtype=native,bus=pci,id=80861523..............,driver=igbn
regtype=native,bus=pci,id=8086152310280660......,driver=igbn
regtype=native,bus=pci,id=8086152310281f9b......,driver=igbn
regtype=native,bus=pci,id=80861523103c18d1......,driver=igbn
regtype=native,bus=pci,id=80861523103c1989......,driver=igbn
regtype=native,bus=pci,id=80861523103c339f......,driver=igbn
regtype=native,bus=pci,id=8086152380861f52......,driver=igbn
regtype=native,bus=pci,id=80861524..............,driver=igbn
regtype=native,bus=pci,id=80861527..............,driver=igbn
regtype=native,bus=pci,id=8086152780860001......,driver=igbn
regtype=native,bus=pci,id=8086152780860002......,driver=igbn
regtype=native,bus=pci,id=80861533..............,driver=igbn
regtype=native,bus=pci,id=80861533103c0003......,driver=igbn
regtype=native,bus=pci,id=8086153380860001......,driver=igbn
regtype=native,bus=pci,id=8086153380860002......,driver=igbn
regtype=native,bus=pci,id=80861536..............,driver=igbn
regtype=native,bus=pci,id=80861538..............,driver=igbn
regtype=native,bus=pci,id=80861539..............,driver=igbn
regtype=native,bus=pci,id=8086157b..............,driver=igbn
regtype=native,bus=pci,id=8086157c..............,driver=igbn
regtype=native,bus=pci,id=80861f40..............,driver=igbn
regtype=native,bus=pci,id=80861f40102805f1......,driver=igbn
regtype=native,bus=pci,id=80861f41..............,driver=igbn
regtype=native,bus=pci,id=80861f45..............,driver=igbn