regtype=native,bus=pci,id=100000aa..............,driver=lsi_msgpt35
regtype=native,bus=pci,id=100000ab..............,driver=lsi_msgpt35
regtype=native,bus=pci,id=100000ab1137020f......,driver=lsi_msgpt35
regtype=native,bus=pci,id=100000ab80863530......,driver=lsi_msgpt35
regtype=native,bus=pci,id=100000ac..............,driver=lsi_msgpt35
regtype=native,bus=pci,id=100000ac1d490201......,driver=lsi_msgpt35
regtype=native,bus=pci,id=100000ac1d490203......,driver=lsi_msgpt35
regtype=native,bus=pci,id=100000ac80863000......,driver=lsi_msgpt35
regtype=native,bus=pci,id=100000ac80863020......,driver=lsi_msgpt35
regtype=native,bus=pci,id=100000ad..............,driver=lsi_msgpt35
regtype=native,bus=pci,id=100000ae..............,driver=lsi_msgpt35
regtype=native,bus=pci,id=100000ae11370211......,driver=lsi_msgpt35
regtype=native,bus=pci,id=100000af..............,driver=lsi_msgpt35
regtype=native,bus=pci,id=100000af11370211......,driver=lsi_msgpt35
regtype=native,bus=pci,id=100000af1d490200......,driver=lsi_msgpt35
regtype=native,bus=pci,id=100000af1d490202......,driver=lsi_msgpt35
regtype=native,bus=pci,id=100000af1d490204......,driver=lsi_msgpt35
regtype=native,bus=pci,id=100000d0..............,driver=lsi_msgpt35
regtype=native,bus=pci,id=100000d1..............,driver=lsi_msgpt35
regtype=native,bus=pci,id=100000d2..............,driver=lsi_msgpt35