regtype=native,bus=pci,id=9005028f10281fe0......,driver=smartpqi
regtype=native,bus=pci,id=9005028f103c0600......,driver=smartpqi
regtype=native,bus=pci,id=9005028f103c0601......,driver=smartpqi
regtype=native,bus=pci,id=9005028f103c0602......,driver=smartpqi
regtype=native,bus=pci,id=9005028f103c0603......,driver=smartpqi
regtype=native,bus=pci,id=9005028f103c0604......,driver=smartpqi
regtype=native,bus=pci,id=9005028f103c0606......,driver=smartpqi
regtype=native,bus=pci,id=9005028f103c0609......,driver=smartpqi
regtype=native,bus=pci,id=9005028f103c0650......,driver=smartpqi
regtype=native,bus=pci,id=9005028f103c0651......,driver=smartpqi
regtype=native,bus=pci,id=9005028f103c0652......,driver=smartpqi
regtype=native,bus=pci,id=9005028f103c0653......,driver=smartpqi
regtype=native,bus=pci,id=9005028f103c0654......,driver=smartpqi
regtype=native,bus=pci,id=9005028f103c0655......,driver=smartpqi
regtype=native,bus=pci,id=9005028f103c0656......,driver=smartpqi
regtype=native,bus=pci,id=9005028f103c0657......,driver=smartpqi
regtype=native,bus=pci,id=9005028f103c0700......,driver=smartpqi
regtype=native,bus=pci,id=9005028f103c0701......,driver=smartpqi
regtype=native,bus=pci,id=9005028f103c1001......,driver=smartpqi
regtype=native,bus=pci,id=9005028f103c1100......,driver=smartpqi
regtype=native,bus=pci,id=9005028f103c1101......,driver=smartpqi
regtype=native,bus=pci,id=9005028f152d8a22......,driver=smartpqi
regtype=native,bus=pci,id=9005028f152d8a23......,driver=smartpqi
regtype=native,bus=pci,id=9005028f152d8a24......,driver=smartpqi
regtype=native,bus=pci,id=9005028f152d8a36......,driver=smartpqi
regtype=native,bus=pci,id=9005028f152d8a37......,driver=smartpqi
regtype=native,bus=pci,id=9005028f90050605......,driver=smartpqi
regtype=native,bus=pci,id=9005028f90050608......,driver=smartpqi
regtype=native,bus=pci,id=9005028f90050800......,driver=smartpqi
regtype=native,bus=pci,id=9005028f90050801......,driver=smartpqi
regtype=native,bus=pci,id=9005028f90050802......,driver=smartpqi
regtype=native,bus=pci,id=9005028f90050803......,driver=smartpqi
regtype=native,bus=pci,id=9005028f90050804......,driver=smartpqi
regtype=native,bus=pci,id=9005028f90050805......,driver=smartpqi
regtype=native,bus=pci,id=9005028f90050806......,driver=smartpqi
regtype=native,bus=pci,id=9005028f90050807......,driver=smartpqi
regtype=native,bus=pci,id=9005028f90050900......,driver=smartpqi
regtype=native,bus=pci,id=9005028f90050901......,driver=smartpqi
regtype=native,bus=pci,id=9005028f90050902......,driver=smartpqi
regtype=native,bus=pci,id=9005028f90050903......,driver=smartpqi
regtype=native,bus=pci,id=9005028f90050904......,driver=smartpqi
regtype=native,bus=pci,id=9005028f90050905......,driver=smartpqi
regtype=native,bus=pci,id=9005028f90050906......,driver=smartpqi
regtype=native,bus=pci,id=9005028f90050907......,driver=smartpqi
regtype=native,bus=pci,id=9005028f90050908......,driver=smartpqi
regtype=native,bus=pci,id=9005028f9005090a......,driver=smartpqi
regtype=native,bus=pci,id=9005028f90051200......,driver=smartpqi
regtype=native,bus=pci,id=9005028f90051201......,driver=smartpqi
regtype=native,bus=pci,id=9005028f90051202......,driver=smartpqi
regtype=native,bus=pci,id=9005028f90051280......,driver=smartpqi
regtype=native,bus=pci,id=9005028f90051281......,driver=smartpqi
regtype=native,bus=pci,id=9005028f90051300......,driver=smartpqi
regtype=native,bus=pci,id=9005028f90051301......,driver=smartpqi
regtype=native,bus=pci,id=9005028f90051302......,driver=smartpqi
regtype=native,bus=pci,id=9005028f90051303......,driver=smartpqi
regtype=native,bus=pci,id=9005028f90051380......,driver=smartpqi